
Jackson.Ndiho@USFLFTLLOANER1 MINGW64 ~
$ cd Documents/hourlyreports/

Jackson.Ndiho@USFLFTLLOANER1 MINGW64 ~/Documents/hourlyreports
$ ls
 __pycache__/                 get_HIVE_new_service.py   README.md  'to do.txt'
 get_agent_ids_and_calls.py   get_HIVE_renewals.py      sales.py
 get_DEPP_sales.py            get_nest_sales.py         teams.py
 get_fcp_sales.py             get_pogo_sales.py         test.py

Jackson.Ndiho@USFLFTLLOANER1 MINGW64 ~/Documents/hourlyreports (master)
$ python sales.py

Stopped

Jackson.Ndiho@USFLFTLLOANER1 MINGW64 ~/Documents/hourlyreports (master)
$

Jackson.Ndiho@USFLFTLLOANER1 MINGW64 ~/Documents/hourlyreports (master)
$ python sales.py
C:\Users\Jackson.Ndiho\AppData\Local\Programs\Python\Python35-32\lib\site-packag                           es\openpyxl\workbook\names\named_range.py:125: UserWarning: Discarded range with                            reserved name
  warnings.warn("Discarded range with reserved name")

Opening template file for editing......


Reading agent IDs and call counts.......


Writing call counts to the template file.......


Gathering up all the orders from the big bounce sales report.......


Writing out the number of sales to the template.......


Gathering NEST and warranty sales......


Writing the products to the template..........


Opening fcp report......


Writing out the FCP sales to the template.......


Writing out the HIVE sales to the template.......


Saving final template.......

Done.......


Jackson.Ndiho@USFLFTLLOANER1 MINGW64 ~/Documents/hourlyreports (master)
$ python sales.py
C:\Users\Jackson.Ndiho\AppData\Local\Programs\Python\Python35-32\lib\site-packag                           es\openpyxl\workbook\names\named_range.py:125: UserWarning: Discarded range with                            reserved name
  warnings.warn("Discarded range with reserved name")

Opening template file for editing......


Reading agent IDs and call counts.......


Writing call counts to the template file.......


Gathering up all the orders from the big bounce sales report.......


Writing out the number of sales to the template.......


Gathering NEST and warranty sales......


Writing the products to the template..........


Opening fcp report......


Writing out the FCP sales to the template.......


Writing out the HIVE sales to the template.......


Saving final template.......

Done.......


Jackson.Ndiho@USFLFTLLOANER1 MINGW64 ~/Documents/hourlyreports (master)
$ python sales.py
Traceback (most recent call last):
  File "sales.py", line 2, in <module>
    from openpyxl.styles import NamedStyle, Font, Border, Side
ImportError: cannot import name 'NamedStyle'

Jackson.Ndiho@USFLFTLLOANER1 MINGW64 ~/Documents/hourlyreports (master)
$ ^C

Jackson.Ndiho@USFLFTLLOANER1 MINGW64 ~/Documents/hourlyreports (master)
$

Jackson.Ndiho@USFLFTLLOANER1 MINGW64 ~/Documents/hourlyreports (master)
$ python sales.py
C:\Users\Jackson.Ndiho\AppData\Local\Programs\Python\Python35-32\lib\site-packages\openpyxl\workbook\names\named_range.py:125: UserWarning: Discarded range with reserved name
  warnings.warn("Discarded range with reserved name")

Opening template file for editing......


Reading agent IDs and call counts.......


Writing call counts to the template file.......


Gathering up all the orders from the big bounce sales report.......


Writing out the number of sales to the template.......


Gathering NEST and warranty sales......


Writing the products to the template..........


Opening fcp report......


Writing out the FCP sales to the template.......


Writing out the HIVE sales to the template.......


Saving final template.......
Traceback (most recent call last):
  File "sales.py", line 380, in <module>
    template.save(homeFolder + finalReportName)
  File "C:\Users\Jackson.Ndiho\AppData\Local\Programs\Python\Python35-32\lib\site-packages\openpyxl\workbook\workbook.py", line 263, in save
    save_workbook(self, filename)
  File "C:\Users\Jackson.Ndiho\AppData\Local\Programs\Python\Python35-32\lib\site-packages\openpyxl\writer\excel.py", line 239, in save_workbook
    writer.save(filename, as_template=as_template)
  File "C:\Users\Jackson.Ndiho\AppData\Local\Programs\Python\Python35-32\lib\site-packages\openpyxl\writer\excel.py", line 221, in save
    archive = ZipFile(filename, 'w', ZIP_DEFLATED, allowZip64=True)
  File "C:\Users\Jackson.Ndiho\AppData\Local\Programs\Python\Python35-32\lib\zipfile.py", line 1009, in __init__
    self.fp = io.open(file, filemode)
PermissionError: [Errno 13] Permission denied: 'C:\\Users\\Jackson.Ndiho\\Documents\\Sales\\SalesReport030817.xlsx'

Jackson.Ndiho@USFLFTLLOANER1 MINGW64 ~/Documents/hourlyreports (master)
$ python sales.py
C:\Users\Jackson.Ndiho\AppData\Local\Programs\Python\Python35-32\lib\site-packages\openpyxl\workbook\names\named_range.py:125: UserWarning: Discarded range with reserved name
  warnings.warn("Discarded range with reserved name")

Opening template file for editing......


Reading agent IDs and call counts.......


Writing call counts to the template file.......


Gathering up all the orders from the big bounce sales report.......


Writing out the number of sales to the template.......


Gathering NEST and warranty sales......


Writing the products to the template..........


Opening fcp report......


Writing out the FCP sales to the template.......


Writing out the HIVE sales to the template.......


Saving final template.......

Done.......


Jackson.Ndiho@USFLFTLLOANER1 MINGW64 ~/Documents/hourlyreports (master)
$ python test.py
Traceback (most recent call last):
  File "test.py", line 28, in <module>
    agent_below_goal = Style(name="agent_below_goal")
TypeError: __init__() got an unexpected keyword argument 'name'

Jackson.Ndiho@USFLFTLLOANER1 MINGW64 ~/Documents/hourlyreports (master)
$ python test.py

Jackson.Ndiho@USFLFTLLOANER1 MINGW64 ~/Documents/hourlyreports (master)
$ python test.py

Jackson.Ndiho@USFLFTLLOANER1 MINGW64 ~/Documents/hourlyreports (master)
$ python test.py
Style(font=Font(name='Calibri', charset=None, family=2.0, b=False, i=False, strike=False, outline=False, shadow=False, condense=False, color=Color(indexed=Values must be of type <class 'int'>, auto=Values must be of type <class 'bool'>, theme=Values must be of type <class 'int'>), extend=False, sz=11.0, u=None, vertAlign=None, scheme=None), fill=PatternFill(patternType=None, fgColor=Color(rgb='00000000', indexed=Values must be of type <class 'int'>, auto=Values must be of type <class 'bool'>, theme=Values must be of type <class 'int'>, tint=0.0, type='rgb'), bgColor=Color(rgb='00000000', indexed=Values must be of type <class 'int'>, auto=Values must be of type <class 'bool'>, theme=Values must be of type <class 'int'>, tint=0.0, type='rgb')), border=Border(left=Side(style=None, color=None), right=Side(style=None, color=None), top=Side(style=None, color=None), bottom=Side(style=None, color=None), diagonal=Side(style=None, color=None), diagonal_direction=None, vertical=None, horizontal=None), alignment=Alignment(horizontal=None, vertical=None, textRotation=0, wrapText=None, shrinkToFit=None, indent=0.0, relativeIndent=0.0, justifyLastLine=None, readingOrder=0.0), number_format='General', protection=)

Jackson.Ndiho@USFLFTLLOANER1 MINGW64 ~/Documents/hourlyreports (master)
$ python test.py
Traceback (most recent call last):
  File "test.py", line 30, in <module>
    agent_below_goal.fill = PatternFill
  File "C:\Users\Jackson.Ndiho\AppData\Local\Programs\Python\Python35-32\lib\site-packages\openpyxl\descriptors\base.py", line 42, in __set__
    raise TypeError('expected ' + str(self.expected_type))
TypeError: expected <class 'openpyxl.styles.fills.Fill'>

Jackson.Ndiho@USFLFTLLOANER1 MINGW64 ~/Documents/hourlyreports (master)
$ python test.py
Style(font=Font(name='Calibri', charset=None, family=2.0, b=True, i=False, strike=False, outline=False, shadow=False, condense=False, color=Color(indexed=Values must be of type <class 'int'>, auto=Values must be of type <class 'bool'>, theme=Values must be of type <class 'int'>), extend=False, sz=11.0, u=None, vertAlign=None, scheme=None), fill=PatternFill(patternType='solid', fgColor=Color(rgb='00DDDDDD', indexed=Values must be of type <class 'int'>, auto=Values must be of type <class 'bool'>, theme=Values must be of type <class 'int'>), bgColor=Color(indexed=Values must be of type <class 'int'>, auto=Values must be of type <class 'bool'>, theme=Values must be of type <class 'int'>)), border=Border(left=Side(style=None, color=None), right=Side(style=None, color=None), top=Side(style=None, color=None), bottom=Side(style=None, color=None), diagonal=Side(style=None, color=None), diagonal_direction=None, vertical=None, horizontal=None), alignment=Alignment(horizontal=None, vertical=None, textRotation=0, wrapText=None, shrinkToFit=None, indent=0.0, relativeIndent=0.0, justifyLastLine=None, readingOrder=0.0), number_format='General', protection=)

Jackson.Ndiho@USFLFTLLOANER1 MINGW64 ~/Documents/hourlyreports (master)
$ python test.py
Style(font=Font(name='Calibri', charset=None, family=2.0, b=True, i=False, strike=False, outline=False, shadow=False, condense=False, color=Color(indexed=Values must be of type <class 'int'>, auto=Values must be of type <class 'bool'>, theme=Values must be of type <class 'int'>), extend=False, sz=11.0, u=None, vertAlign=None, scheme=None), fill=PatternFill(patternType='solid', fgColor=Color(rgb='00DDDDDD', indexed=Values must be of type <class 'int'>, auto=Values must be of type <class 'bool'>, theme=Values must be of type <class 'int'>), bgColor=Color(indexed=Values must be of type <class 'int'>, auto=Values must be of type <class 'bool'>, theme=Values must be of type <class 'int'>)), border=Border(left=Side(style=None, color=None), right=Side(style=None, color=None), top=Side(style=None, color=None), bottom=Side(style=None, color=None), diagonal=Side(style=None, color=None), diagonal_direction=None, vertical=None, horizontal=None), alignment=Alignment(horizontal=None, vertical=None, textRotation=0, wrapText=None, shrinkToFit=None, indent=0.0, relativeIndent=0.0, justifyLastLine=None, readingOrder=0.0), number_format='General', protection=)

Jackson.Ndiho@USFLFTLLOANER1 MINGW64 ~/Documents/hourlyreports (master)
$ python test.py
  File "test.py", line 28
    agent_below_goal = new Style()
                               ^
SyntaxError: invalid syntax

Jackson.Ndiho@USFLFTLLOANER1 MINGW64 ~/Documents/hourlyreports (master)
$ python test.py
Traceback (most recent call last):
  File "test.py", line 39, in <module>
    myCell.style = myStyle
NameError: name 'myStyle' is not defined

Jackson.Ndiho@USFLFTLLOANER1 MINGW64 ~/Documents/hourlyreports (master)
$ python test.py
C:\Users\Jackson.Ndiho\AppData\Local\Programs\Python\Python35-32\lib\site-packages\openpyxl\styles\styleable.py:189: UserWarning: Use formatting objects such as font directly
  warn("Use formatting objects such as font directly")

Jackson.Ndiho@USFLFTLLOANER1 MINGW64 ~/Documents/hourlyreports (master)
$ python test.py
C:\Users\Jackson.Ndiho\AppData\Local\Programs\Python\Python35-32\lib\site-packages\openpyxl\styles\styleable.py:189: UserWarning: Use formatting objects such as font directly
  warn("Use formatting objects such as font directly")
Traceback (most recent call last):
  File "test.py", line 42, in <module>
    wb.save("test.xlsx")
  File "C:\Users\Jackson.Ndiho\AppData\Local\Programs\Python\Python35-32\lib\site-packages\openpyxl\workbook\workbook.py", line 263, in save
    save_workbook(self, filename)
  File "C:\Users\Jackson.Ndiho\AppData\Local\Programs\Python\Python35-32\lib\site-packages\openpyxl\writer\excel.py", line 239, in save_workbook
    writer.save(filename, as_template=as_template)
  File "C:\Users\Jackson.Ndiho\AppData\Local\Programs\Python\Python35-32\lib\site-packages\openpyxl\writer\excel.py", line 221, in save
    archive = ZipFile(filename, 'w', ZIP_DEFLATED, allowZip64=True)
  File "C:\Users\Jackson.Ndiho\AppData\Local\Programs\Python\Python35-32\lib\zipfile.py", line 1009, in __init__
    self.fp = io.open(file, filemode)
PermissionError: [Errno 13] Permission denied: 'test.xlsx'

Jackson.Ndiho@USFLFTLLOANER1 MINGW64 ~/Documents/hourlyreports (master)
$ python test.py
C:\Users\Jackson.Ndiho\AppData\Local\Programs\Python\Python35-32\lib\site-packages\openpyxl\styles\styleable.py:189: UserWarning: Use formatting objects such as font directly
  warn("Use formatting objects such as font directly")

Jackson.Ndiho@USFLFTLLOANER1 MINGW64 ~/Documents/hourlyreports (master)
$ python test.py
C:\Users\Jackson.Ndiho\AppData\Local\Programs\Python\Python35-32\lib\site-packages\openpyxl\styles\styleable.py:189: UserWarning: Use formatting objects such as font directly
  warn("Use formatting objects such as font directly")
Traceback (most recent call last):
  File "test.py", line 42, in <module>
    wb.save("test.xlsx")
  File "C:\Users\Jackson.Ndiho\AppData\Local\Programs\Python\Python35-32\lib\site-packages\openpyxl\workbook\workbook.py", line 263, in save
    save_workbook(self, filename)
  File "C:\Users\Jackson.Ndiho\AppData\Local\Programs\Python\Python35-32\lib\site-packages\openpyxl\writer\excel.py", line 239, in save_workbook
    writer.save(filename, as_template=as_template)
  File "C:\Users\Jackson.Ndiho\AppData\Local\Programs\Python\Python35-32\lib\site-packages\openpyxl\writer\excel.py", line 221, in save
    archive = ZipFile(filename, 'w', ZIP_DEFLATED, allowZip64=True)
  File "C:\Users\Jackson.Ndiho\AppData\Local\Programs\Python\Python35-32\lib\zipfile.py", line 1009, in __init__
    self.fp = io.open(file, filemode)
PermissionError: [Errno 13] Permission denied: 'test.xlsx'

Jackson.Ndiho@USFLFTLLOANER1 MINGW64 ~/Documents/hourlyreports (master)
$ python test.py
C:\Users\Jackson.Ndiho\AppData\Local\Programs\Python\Python35-32\lib\site-packages\openpyxl\styles\styleable.py:189: UserWarning: Use formatting objects such as font directly
  warn("Use formatting objects such as font directly")

Jackson.Ndiho@USFLFTLLOANER1 MINGW64 ~/Documents/hourlyreports (master)
$ python test.py

Jackson.Ndiho@USFLFTLLOANER1 MINGW64 ~/Documents/hourlyreports (master)
$ python test.py

Jackson.Ndiho@USFLFTLLOANER1 MINGW64 ~/Documents/hourlyreports (master)
$ python sales.py
  File "sales.py", line 337
    print closeRate
                  ^
SyntaxError: Missing parentheses in call to 'print'

Jackson.Ndiho@USFLFTLLOANER1 MINGW64 ~/Documents/hourlyreports (master)
$ python sales.py
C:\Users\Jackson.Ndiho\AppData\Local\Programs\Python\Python35-32\lib\site-packages\openpyxl\workbook\names\named_range.py:125: UserWarning: Discarded range with reserved name
  warnings.warn("Discarded range with reserved name")

Opening template file for editing......


Reading agent IDs and call counts.......


Writing call counts to the template file.......


Gathering up all the orders from the big bounce sales report.......


Writing out the number of sales to the template.......


Gathering NEST and warranty sales......


Writing the products to the template..........


Opening fcp report......


Writing out the FCP sales to the template.......


Writing out the HIVE sales to the template.......

0.25
1.5
0.0
0.5
2.0
2.5
0.25
0.6666666666666666
0.2
0.42857142857142855
0.75
0.5
0.0
0.0
0.5
0.25
2.0
0.2
0.6666666666666666
0.4
2.0
1.0
1.5
1.0
0.25

Saving final template.......

Done.......


Jackson.Ndiho@USFLFTLLOANER1 MINGW64 ~/Documents/hourlyreports (master)
$ python sales.py
C:\Users\Jackson.Ndiho\AppData\Local\Programs\Python\Python35-32\lib\site-packages\openpyxl\workbook\names\named_range.py:125: UserWarning: Discarded range with reserved name
  warnings.warn("Discarded range with reserved name")

Opening template file for editing......


Reading agent IDs and call counts.......


Writing call counts to the template file.......


Gathering up all the orders from the big bounce sales report.......


Writing out the number of sales to the template.......


Gathering NEST and warranty sales......


Writing the products to the template..........


Opening fcp report......


Writing out the FCP sales to the template.......


Writing out the HIVE sales to the template.......


Saving final template.......

Done.......


Jackson.Ndiho@USFLFTLLOANER1 MINGW64 ~/Documents/hourlyreports (master)
$ python sales.py
C:\Users\Jackson.Ndiho\AppData\Local\Programs\Python\Python35-32\lib\site-packages\openpyxl\workbook\names\named_range.py:125: UserWarning: Discarded range with reserved name
  warnings.warn("Discarded range with reserved name")

Opening template file for editing......


Reading agent IDs and call counts.......


Writing call counts to the template file.......


Gathering up all the orders from the big bounce sales report.......


Writing out the number of sales to the template.......


Gathering NEST and warranty sales......


Writing the products to the template..........


Opening fcp report......


Writing out the FCP sales to the template.......


Writing out the HIVE sales to the template.......


Saving final template.......

Done.......


Jackson.Ndiho@USFLFTLLOANER1 MINGW64 ~/Documents/hourlyreports (master)
$ python sales.py
C:\Users\Jackson.Ndiho\AppData\Local\Programs\Python\Python35-32\lib\site-packages\openpyxl\workbook\names\named_range.py:125: UserWarning: Discarded range with reserved name
  warnings.warn("Discarded range with reserved name")

Opening template file for editing......


Reading agent IDs and call counts.......


Writing call counts to the template file.......


Gathering up all the orders from the big bounce sales report.......


Writing out the number of sales to the template.......


Gathering NEST and warranty sales......


Writing the products to the template..........


Opening fcp report......


Writing out the FCP sales to the template.......


Writing out the HIVE sales to the template.......


Saving final template.......

Done.......


Jackson.Ndiho@USFLFTLLOANER1 MINGW64 ~/Documents/hourlyreports (master)
$ python sales.py
C:\Users\Jackson.Ndiho\AppData\Local\Programs\Python\Python35-32\lib\site-packages\openpyxl\workbook\names\named_range.py:125: UserWarning: Discarded range with reserved name
  warnings.warn("Discarded range with reserved name")

Opening template file for editing......


Reading agent IDs and call counts.......


Writing call counts to the template file.......


Gathering up all the orders from the big bounce sales report.......


Writing out the number of sales to the template.......


Gathering NEST and warranty sales......


Writing the products to the template..........


Opening fcp report......


Writing out the FCP sales to the template.......


Writing out the HIVE sales to the template.......


Saving final template.......

Done.......


Jackson.Ndiho@USFLFTLLOANER1 MINGW64 ~/Documents/hourlyreports (master)
$ python sales.py
C:\Users\Jackson.Ndiho\AppData\Local\Programs\Python\Python35-32\lib\site-packages\openpyxl\workbook\names\named_range.py:125: UserWarning: Discarded range with reserved name
  warnings.warn("Discarded range with reserved name")

Opening template file for editing......


Reading agent IDs and call counts.......


Writing call counts to the template file.......


Gathering up all the orders from the big bounce sales report.......


Writing out the number of sales to the template.......


Gathering NEST and warranty sales......


Writing the products to the template..........


Opening fcp report......


Writing out the FCP sales to the template.......


Writing out the HIVE sales to the template.......


Saving final template.......

Done.......


Jackson.Ndiho@USFLFTLLOANER1 MINGW64 ~/Documents/hourlyreports (master)
$ python test.py
235743
Traceback (most recent call last):
  File "test.py", line 61, in <module>
    wb.save("test.xlsx")
NameError: name 'wb' is not defined

Jackson.Ndiho@USFLFTLLOANER1 MINGW64 ~/Documents/hourlyreports (master)
$ python test.py
235805

Jackson.Ndiho@USFLFTLLOANER1 MINGW64 ~/Documents/hourlyreports (master)
$ python test.py
235815

Jackson.Ndiho@USFLFTLLOANER1 MINGW64 ~/Documents/hourlyreports (master)
$ python test.py
115902

Jackson.Ndiho@USFLFTLLOANER1 MINGW64 ~/Documents/hourlyreports (master)
$ python test.py
120301
Traceback (most recent call last):
  File "test.py", line 3, in <module>
    currentDate = date.strptime("%m%d%Y")
NameError: name 'date' is not defined

Jackson.Ndiho@USFLFTLLOANER1 MINGW64 ~/Documents/hourlyreports (master)
$ python test.py
Traceback (most recent call last):
  File "test.py", line 2, in <module>
    import date
ImportError: No module named 'date'

Jackson.Ndiho@USFLFTLLOANER1 MINGW64 ~/Documents/hourlyreports (master)
$ python test.py
120345
Traceback (most recent call last):
  File "test.py", line 4, in <module>
    currentDate = datetime.strptime("%m%d%Y")
AttributeError: module 'datetime' has no attribute 'strptime'

Jackson.Ndiho@USFLFTLLOANER1 MINGW64 ~/Documents/hourlyreports (master)
$ python test.py
120356
Traceback (most recent call last):
  File "test.py", line 4, in <module>
    currentDate = datetime.date.strptime("%m%d%Y")
AttributeError: type object 'datetime.date' has no attribute 'strptime'

Jackson.Ndiho@USFLFTLLOANER1 MINGW64 ~/Documents/hourlyreports (master)
$ python test.py
Traceback (most recent call last):
  File "test.py", line 2, in <module>
    print(time.strftime("%I%M%S"))
TypeError: descriptor 'strftime' requires a 'datetime.time' object but received a 'str'

Jackson.Ndiho@USFLFTLLOANER1 MINGW64 ~/Documents/hourlyreports (master)
$ python test.py
120727
<built-in method today of type object at 0x5684B978>

Jackson.Ndiho@USFLFTLLOANER1 MINGW64 ~/Documents/hourlyreports (master)
$ python test.py
120746
2017-03-09

Jackson.Ndiho@USFLFTLLOANER1 MINGW64 ~/Documents/hourlyreports (master)
$ python test.py
  File "test.py", line 6
    print currentDate
                    ^
SyntaxError: Missing parentheses in call to 'print'

Jackson.Ndiho@USFLFTLLOANER1 MINGW64 ~/Documents/hourlyreports (master)
$ python test.py
120958
Traceback (most recent call last):
  File "test.py", line 4, in <module>
    currentDate = date.strftime("%m%d%Y")
TypeError: descriptor 'strftime' requires a 'datetime.date' object but received a 'str'

Jackson.Ndiho@USFLFTLLOANER1 MINGW64 ~/Documents/hourlyreports (master)
$ python test.py
121035
Traceback (most recent call last):
  File "test.py", line 4, in <module>
    currentDate = date.strftime(date.today())
TypeError: Required argument 'format' (pos 1) not found

Jackson.Ndiho@USFLFTLLOANER1 MINGW64 ~/Documents/hourlyreports (master)
$ python test.py
121227
2017

Jackson.Ndiho@USFLFTLLOANER1 MINGW64 ~/Documents/hourlyreports (master)
$ python test.py
121311
03092017

Jackson.Ndiho@USFLFTLLOANER1 MINGW64 ~/Documents/hourlyreports (master)
$ python test.py
03092017_121417

Jackson.Ndiho@USFLFTLLOANER1 MINGW64 ~/Documents/hourlyreports (master)
$ python sales.py
C:\Users\Jackson.Ndiho\AppData\Local\Programs\Python\Python35-32\lib\site-packages\openpyxl\workbook\names\named_range.py:125: UserWarning: Discarded range with reserved name
  warnings.warn("Discarded range with reserved name")

Opening template file for editing......


Reading agent IDs and call counts.......


Writing call counts to the template file.......


Gathering up all the orders from the big bounce sales report.......


Writing out the number of sales to the template.......


Gathering NEST and warranty sales......


Writing the products to the template..........


Opening fcp report......


Writing out the FCP sales to the template.......


Writing out the HIVE sales to the template.......


Saving final template.......

Done.......


Jackson.Ndiho@USFLFTLLOANER1 MINGW64 ~/Documents/hourlyreports (master)
$ python sales.py
C:\Users\Jackson.Ndiho\AppData\Local\Programs\Python\Python35-32\lib\site-packages\openpyxl\workbook\names\named_range.py:125: UserWarning: Discarded range with reserved name
  warnings.warn("Discarded range with reserved name")

Opening template file for editing......


Reading agent IDs and call counts.......


Writing call counts to the template file.......


Gathering up all the orders from the big bounce sales report.......


Writing out the number of sales to the template.......


Gathering NEST and warranty sales......


Writing the products to the template..........


Opening fcp report......


Writing out the FCP sales to the template.......


Writing out the HIVE sales to the template.......


Saving final template.......

Done.......


Jackson.Ndiho@USFLFTLLOANER1 MINGW64 ~/Documents/hourlyreports (master)
$ python sales.py
C:\Users\Jackson.Ndiho\AppData\Local\Programs\Python\Python35-32\lib\site-packages\openpyxl\workbook\names\named_range.py:125: UserWarning: Discarded range with reserved name
  warnings.warn("Discarded range with reserved name")

Opening template file for editing......


Reading agent IDs and call counts.......


Writing call counts to the template file.......


Gathering up all the orders from the big bounce sales report.......


Writing out the number of sales to the template.......


Gathering NEST and warranty sales......


Writing the products to the template..........


Opening fcp report......


Writing out the FCP sales to the template.......


Writing out the HIVE sales to the template.......


Saving final template.......

Done.......


Jackson.Ndiho@USFLFTLLOANER1 MINGW64 ~/Documents/hourlyreports (master)
$ python sales.py
C:\Users\Jackson.Ndiho\AppData\Local\Programs\Python\Python35-32\lib\site-packages\openpyxl\workbook\names\named_range.py:125: UserWarning: Discarded range with reserved name
  warnings.warn("Discarded range with reserved name")

Opening template file for editing......


Reading agent IDs and call counts.......


Writing call counts to the template file.......


Gathering up all the orders from the big bounce sales report.......


Writing out the number of sales to the template.......


Gathering NEST and warranty sales......


Writing the products to the template..........


Opening fcp report......


Writing out the FCP sales to the template.......


Writing out the HIVE sales to the template.......


Saving final template.......

Done.......


Jackson.Ndiho@USFLFTLLOANER1 MINGW64 ~/Documents/hourlyreports (master)
$ python sales.py
C:\Users\Jackson.Ndiho\AppData\Local\Programs\Python\Python35-32\lib\site-packages\openpyxl\workbook\names\named_range.py:125: UserWarning: Discarded range with reserved name
  warnings.warn("Discarded range with reserved name")

Opening template file for editing......


Reading agent IDs and call counts.......


Writing call counts to the template file.......


Gathering up all the orders from the big bounce sales report.......

Traceback (most recent call last):
  File "sales.py", line 152, in <module>
    pogo_sales = get_pogo_sales(pogoSalesReportLocation)
  File "C:\Users\Jackson.Ndiho\Documents\hourlyreports\get_pogo_sales.py", line 7, in get_pogo_sales
    book = xlrd.open_workbook(filename)
  File "C:\Users\Jackson.Ndiho\AppData\Local\Programs\Python\Python35-32\lib\site-packages\xlrd\__init__.py", line 395, in open_workbook
    with open(filename, "rb") as f:
FileNotFoundError: [Errno 2] No such file or directory: 'C:\\Users\\Jackson.Ndiho\\Documents\\Sales\\bounce_energy_iqor_report_19.xls'

Jackson.Ndiho@USFLFTLLOANER1 MINGW64 ~/Documents/hourlyreports (master)
$ python sales.py
C:\Users\Jackson.Ndiho\AppData\Local\Programs\Python\Python35-32\lib\site-packages\openpyxl\workbook\names\named_range.py:125: UserWarning: Discarded range with reserved name
  warnings.warn("Discarded range with reserved name")

Opening template file for editing......


Reading agent IDs and call counts.......


Writing call counts to the template file.......


Gathering up all the orders from the big bounce sales report.......


Writing out the number of sales to the template.......


Gathering NEST and warranty sales......


Writing the products to the template..........


Opening fcp report......


Writing out the FCP sales to the template.......


Writing out the HIVE sales to the template.......


Saving final template.......

Done.......


Jackson.Ndiho@USFLFTLLOANER1 MINGW64 ~/Documents/hourlyreports (master)
$ python sales.py
C:\Users\Jackson.Ndiho\AppData\Local\Programs\Python\Python35-32\lib\site-packages\openpyxl\workbook\names\named_range.py:125: UserWarning: Discarded range with reserved name
  warnings.warn("Discarded range with reserved name")

Opening template file for editing......


Reading agent IDs and call counts.......


Writing call counts to the template file.......


Gathering up all the orders from the big bounce sales report.......


Writing out the number of sales to the template.......


Gathering NEST and warranty sales......


Writing the products to the template..........


Opening fcp report......

Traceback (most recent call last):
  File "sales.py", line 264, in <module>
    fcp_sales = get_fcp_sales(fcpReportLocation)
  File "C:\Users\Jackson.Ndiho\Documents\hourlyreports\get_fcp_sales.py", line 16, in get_fcp_sales
    date_of_sale = sheet.cell_value(row,7).split("-")
AttributeError: 'float' object has no attribute 'split'

Jackson.Ndiho@USFLFTLLOANER1 MINGW64 ~/Documents/hourlyreports (master)
$ python sales.py
C:\Users\Jackson.Ndiho\AppData\Local\Programs\Python\Python35-32\lib\site-packages\openpyxl\workbook\names\named_range.py:125: UserWarning: Discarded range with reserved name
  warnings.warn("Discarded range with reserved name")

Opening template file for editing......


Reading agent IDs and call counts.......


Writing call counts to the template file.......


Gathering up all the orders from the big bounce sales report.......


Writing out the number of sales to the template.......


Gathering NEST and warranty sales......


Writing the products to the template..........


Opening fcp report......


Writing out the FCP sales to the template.......


Writing out the HIVE sales to the template.......


Saving final template.......

Done.......


Jackson.Ndiho@USFLFTLLOANER1 MINGW64 ~/Documents/hourlyreports (master)
$ python sales.py
C:\Users\Jackson.Ndiho\AppData\Local\Programs\Python\Python35-32\lib\site-packages\openpyxl\workbook\names\named_range.py:125: UserWarning: Discarded range with reserved name
  warnings.warn("Discarded range with reserved name")

Opening template file for editing......


Reading agent IDs and call counts.......


Writing call counts to the template file.......


Gathering up all the orders from the big bounce sales report.......


Writing out the number of sales to the template.......


Gathering NEST and warranty sales......


Writing the products to the template..........


Opening fcp report......


Writing out the FCP sales to the template.......


Writing out the HIVE sales to the template.......


Saving final template.......
Traceback (most recent call last):
  File "sales.py", line 451, in <module>
    currentTime = time.strftime("%I%M%s%p")
ValueError: Invalid format string

Jackson.Ndiho@USFLFTLLOANER1 MINGW64 ~/Documents/hourlyreports (master)
$ python sales.py
C:\Users\Jackson.Ndiho\AppData\Local\Programs\Python\Python35-32\lib\site-packages\openpyxl\workbook\names\named_range.py:125: UserWarning: Discarded range with reserved name
  warnings.warn("Discarded range with reserved name")

Opening template file for editing......


Reading agent IDs and call counts.......


Writing call counts to the template file.......


Gathering up all the orders from the big bounce sales report.......


Writing out the number of sales to the template.......


Gathering NEST and warranty sales......


Writing the products to the template..........


Opening fcp report......


Writing out the FCP sales to the template.......


Writing out the HIVE sales to the template.......


Saving final template.......

Done.......


Jackson.Ndiho@USFLFTLLOANER1 MINGW64 ~/Documents/hourlyreports (master)
$ python sales.py
C:\Users\Jackson.Ndiho\AppData\Local\Programs\Python\Python35-32\lib\site-packages\openpyxl\workbook\names\named_range.py:125: UserWarning: Discarded range with reserved name
  warnings.warn("Discarded range with reserved name")

Opening template file for editing......


Reading agent IDs and call counts.......


Writing call counts to the template file.......


Gathering up all the orders from the big bounce sales report.......


Writing out the number of sales to the template.......


Gathering NEST and warranty sales......


Writing the products to the template..........


Opening fcp report......


Writing out the FCP sales to the template.......


Writing out the HIVE sales to the template.......


Saving final template.......

Done.......


Jackson.Ndiho@USFLFTLLOANER1 MINGW64 ~/Documents/hourlyreports (master)
$ python sales.py
C:\Users\Jackson.Ndiho\AppData\Local\Programs\Python\Python35-32\lib\site-packages\openpyxl\workbook\names\named_range.py:125: UserWarning: Discarded range with reserved name
  warnings.warn("Discarded range with reserved name")

Opening template file for editing......


Reading agent IDs and call counts.......


Writing call counts to the template file.......


Gathering up all the orders from the big bounce sales report.......


Writing out the number of sales to the template.......


Gathering NEST and warranty sales......


Writing the products to the template..........


Opening fcp report......


Writing out the FCP sales to the template.......


Writing out the HIVE sales to the template.......

Traceback (most recent call last):
  File "sales.py", line 361, in <module>
    closeRate = (template_first_sheet["e" + str(i)].value + template_first_sheet["g" + str(i)].value) / template_first_sheet["d" + str(i)].value
ZeroDivisionError: float division by zero

Jackson.Ndiho@USFLFTLLOANER1 MINGW64 ~/Documents/hourlyreports (master)
$

Jackson.Ndiho@USFLFTLLOANER1 MINGW64 ~/Documents/hourlyreports (master)
$
